ASxxxx Linker V03.00 + NoICE + sdld,  page 1.
Hexadecimal  [32-Bits]

Area                                    Addr        Size        Decimal Bytes (Attributes)
--------------------------------        ----        ----        ------- ----- ------------
.  .ABS.                            00000000    00000000 =           0. bytes (ABS,CON)

      Value  Global                              Global Defined In Module
      -----  --------------------------------   ------------------------
     00000000  .__.ABS.                           
     00000000  _rRAMG                             
     00000000  l__BASE                         
     00000000  l__BSS                          
     00000000  l__CABS                         
     00000000  l__CODE_0                       
     00000000  l__CRASH_HEADER                 
     00000000  l__CRASH_SCRATCH                
     00000000  l__DABS                         
     00000000  l__EHL_TRAMPOLINE               
     00000000  l__HEADER                       
     00000000  l__HEADER_LCD                   
     00000000  l__HEADER_SIO                   
     00000000  l__HEADER_TIMER                 
     00000000  l__HEAP                         
     00000000  l__HRAM                         
     00000000  l__LIT                          
     00000000  s__CABS                         
     00000000  s__CRASH_HEADER                 
     00000000  s__CRASH_HEADER0                
     00000000  s__CRASH_HEADER1                
     00000000  s__CRASH_SCRATCH                
     00000000  s__CRASH_SCRATCH2               
     00000000  s__DABS                         
     00000000  s__EHL_TRAMPOLINE               
     00000000  s__EHL_TRAMPOLINE0              
     00000000  s__HEADER                       
     00000000  s__HEADER0                      
     00000000  s__HEADER1                      
     00000000  s__HEADER10                     
     00000000  s__HEADER11                     
     00000000  s__HEADER2                      
     00000000  s__HEADER3                      
     00000000  s__HEADER4                      
     00000000  s__HEADER5                      
     00000000  s__HEADER6                      
     00000000  s__HEADER7                      
     00000000  s__HEADER8                      
     00000000  s__HEADER9                      
     00000000  s__HEADER_LCD                   
     00000000  s__HEADER_LCD0                  
     00000000  s__HEADER_SIO                   
     00000000  s__HEADER_SIO0                  
     00000000  s__HEADER_TIMER                 
     00000000  s__HEADER_TIMER0                
     00000000  s__HEADERa                      
     00000000  s__HEADERb                      
     00000000  s__HEADERc                      
     00000000  s__HEADERd                      
     00000000  s__HEADERe                      
ASxxxx Linker V03.00 + NoICE + sdld,  page 2.
Hexadecimal  [32-Bits]

Area                                    Addr        Size        Decimal Bytes (Attributes)
--------------------------------        ----        ----        ------- ----- ------------
.  .ABS.                            00000000    00000000 =           0. bytes (ABS,CON)

      Value  Global                              Global Defined In Module
      -----  --------------------------------   ------------------------
     00000000  s__HEADERf                      
     00000000  s__HRAM                         
     00000000  s__HRAM12                       
     00000001  ___bank_VM_SGB                     vm_sgb
     00000001  ___bank_bg_compact_cassette_tile   bg_compact_cassette_tileset
     00000001  ___bank_bg_player_tileset          bg_player_tileset
     00000001  ___bank_script_input_4             script_input_4
     00000001  b_topdown_init                     topdown
     00000001  b_topdown_update                   topdown
     00000001  b_ui_draw_frame                    ui
     00000001  b_ui_draw_text_buffer_char         ui
     00000001  b_ui_init                          ui
     00000001  b_ui_load_tiles                    ui
     00000001  b_ui_run_menu                      ui
     00000001  b_ui_run_modal                     ui
     00000001  b_ui_set_start_tile                ui
     00000001  l__GSFINAL                      
     00000001  l__HEADER0                      
     00000001  l__HEADER11                     
     00000001  l__HEADER9                      
     00000001  l__HEADERa                      
     00000001  l__HEADERb                      
     00000001  l__HEADERd                      
     00000001  l__HEADERe                      
     00000002  ___bank_ACTOR                      actor
     00000002  ___bank_VM_ACTOR                   vm_actor
     00000002  ___bank_VM_UI                      vm_ui
     00000002  ___bank_spritesheet_none           spritesheet_none
     00000002  b_activate_actor                   actor
     00000002  b_activate_actors_in_col           actor
     00000002  b_activate_actors_in_row           actor
     00000002  b_actor_at_tile                    actor
     00000002  b_actor_get_frame_offset           actor
     00000002  b_actor_in_front_of_player         actor
     00000002  b_actor_overlapping_bb             actor
     00000002  b_actor_overlapping_player         actor
     00000002  b_actor_set_anim_idle              actor
     00000002  b_actor_set_anim_moving            actor
     00000002  b_actor_set_dir                    actor
     00000002  b_actor_set_frame_offset           actor
     00000002  b_actor_set_frames                 actor
     00000002  b_actors_handle_player_collision   actor
     00000002  b_actors_init                      actor
     00000002  b_check_collision_in_direction     actor
     00000002  b_deactivate_actor                 actor
     00000002  b_platform_init                    platform
     00000002  b_platform_update                  platform
     00000002  b_player_init                      actor
     00000002  b_vm_actor_activate                vm_actor
     00000002  b_vm_actor_deactivate              vm_actor
     00000002  b_vm_actor_emote                   vm_actor
ASxxxx Linker V03.00 + NoICE + sdld,  page 3.
Hexadecimal  [32-Bits]

Area                                    Addr        Size        Decimal Bytes (Attributes)
--------------------------------        ----        ----        ------- ----- ------------
.  .ABS.                            00000000    00000000 =           0. bytes (ABS,CON)

      Value  Global                              Global Defined In Module
      -----  --------------------------------   ------------------------
     00000002  b_vm_actor_get_angle               vm_actor
     00000002  b_vm_actor_get_anim_frame          vm_actor
     00000002  b_vm_actor_get_dir                 vm_actor
     00000002  b_vm_actor_get_pos                 vm_actor
     00000002  b_vm_actor_move_cancel             vm_actor
     00000002  b_vm_actor_move_to                 vm_actor
     00000002  b_vm_actor_replace_tile            vm_actor
     00000002  b_vm_actor_set_anim                vm_actor
     00000002  b_vm_actor_set_anim_frame          vm_actor
     00000002  b_vm_actor_set_anim_set            vm_actor
     00000002  b_vm_actor_set_anim_tick           vm_actor
     00000002  b_vm_actor_set_bounds              vm_actor
     00000002  b_vm_actor_set_dir                 vm_actor
     00000002  b_vm_actor_set_flags               vm_actor
     00000002  b_vm_actor_set_move_speed          vm_actor
     00000002  b_vm_actor_set_pos                 vm_actor
     00000002  b_vm_actor_set_spritesheet         vm_actor
     00000002  b_vm_actor_set_spritesheet_by_re   vm_actor
     00000002  b_vm_actor_terminate_update        vm_actor
     00000002  b_vm_choice                        vm_ui
     00000002  b_vm_display_text                  vm_ui
     00000002  b_vm_overlay_clear                 vm_ui
     00000002  b_vm_overlay_move_to               vm_ui
     00000002  b_vm_overlay_scroll                vm_ui
     00000002  b_vm_overlay_set_map               vm_ui
     00000002  b_vm_overlay_set_scroll            vm_ui
     00000002  b_vm_overlay_set_submap            vm_ui
     00000002  b_vm_overlay_set_submap_ex         vm_ui
     00000002  b_vm_overlay_setpos                vm_ui
     00000002  b_vm_overlay_show                  vm_ui
     00000002  b_vm_overlay_wait                  vm_ui
     00000002  b_vm_set_font                      vm_ui
     00000002  b_vm_set_text_sound                vm_ui
     00000002  b_vm_switch_text_layer             vm_ui
     00000002  l__HEADER5                      
     00000002  l__HEADERc                      
     00000002  l__HEADERf                      
     00000003  ___bank_VM_CAMERA                  vm_camera
     00000003  ___bank_VM_MAIN                    vm
     00000003  ___bank_bg_screenshot_10_28_at_0   bg_screenshot_10_28_at_0_til
     00000003  ___bank_font_gbs_mono              font_gbs_mono
     00000003  b_adventure_init                   adventure
     00000003  b_adventure_update                 adventure
     00000003  b_camera_shake_frames              vm_camera
     00000003  b_do_load_palette                  data_manager
     00000003  b_events_init                      events
     00000003  b_load_background                  data_manager
     00000003  b_load_bkg_tileset                 data_manager
     00000003  b_load_bounds                      data_manager
     00000003  b_load_emote                       data_manager
     00000003  b_load_init                        data_manager
ASxxxx Linker V03.00 + NoICE + sdld,  page 4.
Hexadecimal  [32-Bits]

Area                                    Addr        Size        Decimal Bytes (Attributes)
--------------------------------        ----        ----        ------- ----- ------------
.  .ABS.                            00000000    00000000 =           0. bytes (ABS,CON)

      Value  Global                              Global Defined In Module
      -----  --------------------------------   ------------------------
     00000003  b_load_player                      data_manager
     00000003  b_load_scene                       data_manager
     00000003  b_load_sprite                      data_manager
     00000003  b_script_detach_hthread            vm
     00000003  b_script_execute                   vm
     00000003  b_script_runner_init               vm
     00000003  b_script_terminate                 vm
     00000003  b_timers_init                      events
     00000003  b_vm_call                          vm
     00000003  b_vm_call_far                      vm
     00000003  b_vm_camera_move_to                vm_camera
     00000003  b_vm_camera_set_pos                vm_camera
     00000003  b_vm_get_indirect                  vm
     00000003  b_vm_get_int16                     vm
     00000003  b_vm_get_int8                      vm
     00000003  b_vm_get_tlocal                    vm
     00000003  b_vm_get_uint8                     vm
     00000003  b_vm_idle                          vm
     00000003  b_vm_if                            vm
     00000003  b_vm_if_const                      vm
     00000003  b_vm_init_rng                      vm
     00000003  b_vm_invoke                        vm
     00000003  b_vm_join                          vm
     00000003  b_vm_jump                          vm
     00000003  b_vm_lock                          vm
     00000003  b_vm_loop                          vm
     00000003  b_vm_memcpy                        vm
     00000003  b_vm_memset                        vm
     00000003  b_vm_poll_loaded                   vm
     00000003  b_vm_pop                           vm
     00000003  b_vm_push                          vm
     00000003  b_vm_push_reference                vm
     00000003  b_vm_push_value                    vm
     00000003  b_vm_push_value_ind                vm
     00000003  b_vm_raise                         vm
     00000003  b_vm_rand                          vm
     00000003  b_vm_reserve                       vm
     00000003  b_vm_ret                           vm
     00000003  b_vm_ret_far                       vm
     00000003  b_vm_set                           vm
     00000003  b_vm_set_const                     vm
     00000003  b_vm_set_const_int16               vm
     00000003  b_vm_set_const_int8                vm
     00000003  b_vm_set_indirect                  vm
     00000003  b_vm_set_int16                     vm
     00000003  b_vm_set_int8                      vm
     00000003  b_vm_set_uint8                     vm
     00000003  b_vm_terminate                     vm
     00000003  b_vm_test_terminate                vm
     00000003  b_vm_unlock                        vm
     00000003  b_wait_frames                      vm
ASxxxx Linker V03.00 + NoICE + sdld,  page 5.
Hexadecimal  [32-Bits]

Area                                    Addr        Size        Decimal Bytes (Attributes)
--------------------------------        ----        ----        ------- ----- ------------
.  .ABS.                            00000000    00000000 =           0. bytes (ABS,CON)

      Value  Global                              Global Defined In Module
      -----  --------------------------------   ------------------------
     00000003  l__HEADER8                      
     00000003  l__HEADER_LCD0                  
     00000003  l__HRAM12                       
     00000004  ___bank_VM_GAMEBOY                 vm_gameboy
     00000004  ___bank_VM_SIO                     vm_sio
     00000004  ___bank_bg_rustlab_tileset         bg_rustlab_tileset
     00000004  ___bank_bootstrap_script           
     00000004  ___bank_song_song_template_2_Dat   song_song_template_2_Data
     00000004  __start_save                    
     00000004  b___HandleCrash_banked             
     00000004  b_core_reset                       core
     00000004  b_core_run                         core
     00000004  b_data_clear                       load_save
     00000004  b_data_init                        load_save
     00000004  b_data_load                        load_save
     00000004  b_data_peek                        load_save
     00000004  b_data_save                        load_save
     00000004  b_gbprinter_detect                 gbprinter
     00000004  b_gbprinter_print_overlay          gbprinter
     00000004  b_projectile_launch                projectiles
     00000004  b_projectiles_init                 projectiles
     00000004  b_restore_sram                     flasher
     00000004  b_restore_sram_bank                flasher
     00000004  b_save_sram                        flasher
     00000004  b_scroll_init                      scroll
     00000004  b_scroll_repaint                   scroll
     00000004  b_scroll_reset                     scroll
     00000004  b_scroll_update                    scroll
     00000004  b_set_sgb_border                   sgb_border
     00000004  b_shmup_init                       shmup
     00000004  b_shmup_update                     shmup
     00000004  b_trigger_activate_at              trigger
     00000004  b_trigger_activate_at_intersecti   trigger
     00000004  b_trigger_at_intersection          trigger
     00000004  b_trigger_at_tile                  trigger
     00000004  b_trigger_interact                 trigger
     00000004  b_trigger_reset                    trigger
     00000004  b_vm_context_prepare               vm_gameboy
     00000004  b_vm_fade                          vm_gameboy
     00000004  b_vm_get_tile_xy                   vm_gameboy
     00000004  b_vm_input_attach                  vm_gameboy
     00000004  b_vm_input_detach                  vm_gameboy
     00000004  b_vm_input_get                     vm_gameboy
     00000004  b_vm_input_wait                    vm_gameboy
     00000004  b_vm_load_tiles                    vm_gameboy
     00000004  b_vm_load_tileset                  vm_gameboy
     00000004  b_vm_poll                          vm_gameboy
     00000004  b_vm_replace_tile                  vm_gameboy
     00000004  b_vm_replace_tile_xy               vm_gameboy
     00000004  b_vm_rumble                        vm_gameboy
     00000004  b_vm_set_sprite_mode               vm_gameboy
ASxxxx Linker V03.00 + NoICE + sdld,  page 6.
Hexadecimal  [32-Bits]

Area                                    Addr        Size        Decimal Bytes (Attributes)
--------------------------------        ----        ----        ------- ----- ------------
.  .ABS.                            00000000    00000000 =           0. bytes (ABS,CON)

      Value  Global                              Global Defined In Module
      -----  --------------------------------   ------------------------
     00000004  b_vm_set_sprites_visible           vm_gameboy
     00000004  b_vm_sio_exchange                  vm_sio
     00000004  b_vm_sio_set_mode                  vm_sio
     00000004  b_vm_timer_prepare                 vm_gameboy
     00000004  b_vm_timer_reset                   vm_gameboy
     00000004  b_vm_timer_set                     vm_gameboy
     00000004  b_vm_timer_stop                    vm_gameboy
     00000004  l__CRASH_HEADER1                
     00000004  l__HEADER_SIO0                  
     00000004  l__HEADER_TIMER0                
     00000005  ___bank_VM_GBPRINTER               vm_gbprinter
     00000005  ___bank_VM_LOAD_SAVE               vm_load_save
     00000005  ___bank_VM_MATH                    vm_math
     00000005  ___bank_VM_MUSIC                   vm_music
     00000005  ___bank_VM_PALETTE                 vm_palette
     00000005  ___bank_VM_PROJECTILE              vm_projectiles
     00000005  ___bank_VM_RTC                     vm_rtc
     00000005  ___bank_VM_SCENE                   vm_scene
     00000005  ___bank_bg_compact_cassette        bg_compact_cassette
     00000005  ___bank_bg_compact_cassette_tile   bg_compact_cassette_tilemap
     00000005  ___bank_bg_player                  bg_player
     00000005  ___bank_bg_rustlab                 bg_rustlab
     00000005  ___bank_bg_rustlab_tilemap         bg_rustlab_tilemap
     00000005  ___bank_bg_screenshot_10_28_at_0   bg_screenshot_10_28_at_0
     00000005  ___bank_bg_screenshot_10_28_at_0   bg_screenshot_10_28_at_0_til
     00000005  ___bank_cursor_image               cursor_image
     00000005  ___bank_frame_image                frame_image
     00000005  ___bank_palette_0                  palette_0
     00000005  ___bank_palette_1                  palette_1
     00000005  ___bank_scene_1                    scene_1
     00000005  ___bank_scene_1_collisions         scene_1_collisions
     00000005  ___bank_scene_1_init               scene_1_init
     00000005  ___bank_scene_2                    scene_2
     00000005  ___bank_scene_2_collisions         scene_2_collisions
     00000005  ___bank_scene_2_init               scene_2_init
     00000005  ___bank_scene_3                    scene_3
     00000005  ___bank_scene_3_collisions         scene_3_collisions
     00000005  ___bank_scene_3_init               scene_3_init
     00000005  ___bank_scene_5                    scene_5
     00000005  ___bank_scene_5_collisions         scene_5_collisions
     00000005  ___bank_scene_5_init               scene_5_init
     00000005  ___bank_script_engine_init         
     00000005  ___bank_script_input_0             script_input_0
     00000005  ___bank_script_input_1             script_input_1
     00000005  ___bank_script_input_2             script_input_2
     00000005  ___bank_script_input_3             script_input_3
     00000005  ___bank_script_input_5             script_input_5
     00000005  ___bank_script_input_6             script_input_6
     00000005  ___bank_sprite_actor_animated      sprite_actor_animated
     00000005  ___bank_sprite_actor_animated_ti   sprite_actor_animated_tilese
     00000005  ___bank_sprite_static              sprite_static
ASxxxx Linker V03.00 + NoICE + sdld,  page 7.
Hexadecimal  [32-Bits]

Area                                    Addr        Size        Decimal Bytes (Attributes)
--------------------------------        ----        ----        ------- ----- ------------
.  .ABS.                            00000000    00000000 =           0. bytes (ABS,CON)

      Value  Global                              Global Defined In Module
      -----  --------------------------------   ------------------------
     00000005  ___bank_sprite_static_tileset      sprite_static_tileset
     00000005  b_SIO_init                         sio
     00000005  b_camera_init                      camera
     00000005  b_camera_reset                     camera
     00000005  b_erase_flash                      
     00000005  b_fade_applypalettechange          fade_manager
     00000005  b_fade_in                          fade_manager
     00000005  b_fade_in_modal                    fade_manager
     00000005  b_fade_init                        fade_manager
     00000005  b_fade_out                         fade_manager
     00000005  b_fade_out_modal                   fade_manager
     00000005  b_fade_setspeed                    fade_manager
     00000005  b_fade_update                      fade_manager
     00000005  b_input_init                       input
     00000005  b_itoa_fmt                         vm_ui_a
     00000005  b_logo_init                        logo
     00000005  b_logo_update                      logo
     00000005  b_music_events_poll                music_manager
     00000005  b_music_init_driver                music_manager
     00000005  b_music_init_events                music_manager
     00000005  b_palette_init                     palette
     00000005  b_parallax_init                    parallax
     00000005  b_pointnclick_init                 pointnclick
     00000005  b_pointnclick_update               pointnclick
     00000005  b_remove_LCD_ISRs                  interrupts
     00000005  b_save_sram_banks                  
     00000005  b_scroll_rect                      
     00000005  b_vm_cos_scale                     vm_math
     00000005  b_vm_load_palette                  vm_palette
     00000005  b_vm_music_mute                    vm_music
     00000005  b_vm_music_play                    vm_music
     00000005  b_vm_music_routine                 vm_music
     00000005  b_vm_music_setpos                  vm_music
     00000005  b_vm_music_stop                    vm_music
     00000005  b_vm_print_detect                  vm_gbprinter
     00000005  b_vm_print_overlay                 vm_gbprinter
     00000005  b_vm_projectile_launch             vm_projectiles
     00000005  b_vm_projectile_load_type          vm_projectiles
     00000005  b_vm_rtc_get                       vm_rtc
     00000005  b_vm_rtc_latch                     vm_rtc
     00000005  b_vm_rtc_set                       vm_rtc
     00000005  b_vm_rtc_start                     vm_rtc
     00000005  b_vm_save_clear                    vm_load_save
     00000005  b_vm_save_peek                     vm_load_save
     00000005  b_vm_scene_pop                     vm_scene
     00000005  b_vm_scene_pop_all                 vm_scene
     00000005  b_vm_scene_push                    vm_scene
     00000005  b_vm_scene_stack_reset             vm_scene
     00000005  b_vm_sfx_play                      vm_music
     00000005  b_vm_sin_scale                     vm_math
     00000005  b_vm_sound_mastervol               vm_music
ASxxxx Linker V03.00 + NoICE + sdld,  page 8.
Hexadecimal  [32-Bits]

Area                                    Addr        Size        Decimal Bytes (Attributes)
--------------------------------        ----        ----        ------- ----- ------------
.  .ABS.                            00000000    00000000 =           0. bytes (ABS,CON)

      Value  Global                              Global Defined In Module
      -----  --------------------------------   ------------------------
     00000005  l__CRASH_HEADER0                
     00000005  l__HEADER1                      
     00000006  l__HEADER7                      
     00000007  l__HEADER2                      
     00000008  l__HEADER3                      
     00000011  l__EHL_TRAMPOLINE0              
     00000019  l__INITIALIZED                  
     00000019  l__INITIALIZER                  
     00000027  l__GSINIT                       
     00000030  l__HEADER6                      
     0000004E  l__HEADER4                      
     00000082  l__HEADER10                     
     000001CB  l__CRASH_SCRATCH2               
     00000200  s__CODE                         
     00000BE1  l__CODE                         
     00000DE1  s__HOME                         
     0000197E  l__DATA                         
     00002000  _rROMB0                            
     00002064  l__CODE_5                       
     00002B97  l__HOME                         
     00003000  _rROMB1                            
     00003978  s__BASE                         
     00003978  s__CODE_0                       
     00003978  s__INITIALIZER                  
     00003978  s__LIT                          
     00003991  s__GSINIT                       
     000039B8  s__GSFINAL                      
     00003FFE  l__CODE_3                       
     00003FFE  l__CODE_4                       
     00003FFF  l__CODE_2                       
     00004000  _RTC_SELECT_REG                    vm_rtc
     00004000  _rRAMB                             
     00004000  l__CODE_1                       
     00006000  _RTC_LATCH_REG                     vm_rtc
     00008000  __VRAM                             
     00008000  __VRAM8000                         
     00008800  __VRAM8800                         
     00009000  __VRAM9000                         
     00009800  __SCRN0                            
     00009C00  __SCRN1                            
     0000A000  _RTC_VALUE_REG                     vm_rtc
     0000A000  __SRAM                             
     0000C000  __RAM                              
     0000C000  _shadow_OAM                     
     0000C0A0  s__DATA                         
     0000D000  __RAMBANK                          
     0000DA1E  s__BSS                          
     0000DA1E  s__INITIALIZED                  
     0000DA37  s__HEAP                         
     0000DF00  .STACK                          
     0000DF00  _shadow_OAM2                       absolute
ASxxxx Linker V03.00 + NoICE + sdld,  page 9.
Hexadecimal  [32-Bits]

Area                                    Addr        Size        Decimal Bytes (Attributes)
--------------------------------        ----        ----        ------- ----- ------------
.  .ABS.                            00000000    00000000 =           0. bytes (ABS,CON)

      Value  Global                              Global Defined In Module
      -----  --------------------------------   ------------------------
     0000DFA0  _BkgPalette                        absolute
     0000DFE0  _vwf_tile_data                     absolute
     0000FE00  __OAMRAM                           
     0000FF00  _P1_REG                            
     0000FF00  __IO                               
     0000FF01  _SB_REG                            
     0000FF02  _SC_REG                            
     0000FF04  _DIV_REG                           
     0000FF05  _TIMA_REG                          
     0000FF06  _TMA_REG                           
     0000FF07  _TAC_REG                           
     0000FF0F  _IF_REG                            
     0000FF10  _NR10_REG                          
     0000FF11  _NR11_REG                          
     0000FF12  _NR12_REG                          
     0000FF13  _NR13_REG                          
     0000FF14  _NR14_REG                          
     0000FF16  _NR21_REG                          
     0000FF17  _NR22_REG                          
     0000FF18  _NR23_REG                          
     0000FF19  _NR24_REG                          
     0000FF1A  _NR30_REG                          
     0000FF1B  _NR31_REG                          
     0000FF1C  _NR32_REG                          
     0000FF1D  _NR33_REG                          
     0000FF1E  _NR34_REG                          
     0000FF20  _NR41_REG                          
     0000FF21  _NR42_REG                          
     0000FF22  _NR43_REG                          
     0000FF23  _NR44_REG                          
     0000FF24  _NR50_REG                          
     0000FF25  _NR51_REG                          
     0000FF26  _NR52_REG                          
     0000FF30  _AUD3WAVE                          
     0000FF30  _PCM_SAMPLE                        
     0000FF30  __AUD3WAVERAM                      
     0000FF40  _LCDC_REG                          
     0000FF41  _STAT_REG                          
     0000FF42  _SCY_REG                           
     0000FF43  _SCX_REG                           
     0000FF44  _LY_REG                            
     0000FF45  _LYC_REG                           
     0000FF46  _DMA_REG                           
     0000FF47  _BGP_REG                           
     0000FF48  _OBP0_REG                          
     0000FF49  _OBP1_REG                          
     0000FF4A  _WY_REG                            
     0000FF4B  _WX_REG                            
     0000FF4D  _KEY1_REG                          
     0000FF4F  _VBK_REG                           
     0000FF51  _HDMA1_REG                         
ASxxxx Linker V03.00 + NoICE + sdld,  page 10.
Hexadecimal  [32-Bits]

Area                                    Addr        Size        Decimal Bytes (Attributes)
--------------------------------        ----        ----        ------- ----- ------------
.  .ABS.                            00000000    00000000 =           0. bytes (ABS,CON)

      Value  Global                              Global Defined In Module
      -----  --------------------------------   ------------------------
     0000FF52  _HDMA2_REG                         
     0000FF53  _HDMA3_REG                         
     0000FF54  _HDMA4_REG                         
     0000FF55  _HDMA5_REG                         
     0000FF56  _RP_REG                            
     0000FF68  _BCPS_REG                          
     0000FF69  _BCPD_REG                          
     0000FF6A  _OCPS_REG                          
     0000FF6B  _OCPD_REG                          
     0000FF70  _SVBK_REG                          
     0000FF76  _PCM12_REG                         
     0000FF77  _PCM34_REG                         
     0000FF80  .refresh_OAM                    
     0000FF80  __HRAM                             
     0000FFFF  _IE_REG                            
     00014000  s__CODE_1                       
     00024000  s__CODE_2                       
     00034000  s__CODE_3                       
     00044000  s__CODE_4                       
     00054000  s__CODE_5                       

ASxxxx Linker V03.00 + NoICE + sdld,  page 11.
Hexadecimal  [32-Bits]

Area                                    Addr        Size        Decimal Bytes (Attributes)
--------------------------------        ----        ----        ------- ----- ------------
_CODE                               00000200    00000BE1 =        3041. bytes (REL,CON)

      Value  Global                              Global Defined In Module
      -----  --------------------------------   ------------------------
     00000200  ___HandleCrash                     
     0000020A  _SIO_send_byte                     
     0000021D  _SIO_receive                       
     0000022E  _SetTile                           
     0000023D  _set_win_tile_xy                   
     00000242  _set_bkg_tile_xy                   
     00000265  _GetWinAddr                        
     0000026D  _GetBkgAddr                        
     0000027B  _state_init                        
     00000280  _state_update                      
     000002A2  _ui_time_masks                     
     000002AA  _ui_print_shift_char               
     0000032D  _ui_draw_frame_row                 
     00000336  .ui_draw_frame_row                 
     0000035F  _script_cmds                       vm_instructions
     00000593  _save_signature                    game_signature
     00000597  _start_scene_x                     
     00000599  _start_scene_y                     
     0000059B  _start_scene_dir                   
     0000059C  _start_scene                       
     0000059F  _start_player_move_speed           
     000005A0  _start_player_anim_tick            
     000005A1  _ui_fonts                          
     000005A4  _core_reset_hook                   main
     000005AC  _main                              main
     000005B4  _state_start_fns                   
     000005C6  _state_update_fns                  
     000005D8  _hUGE_init_banked                  hUGEDriver_obj
     000005DC  _hUGE_init                         hUGEDriver_obj
     000005E7  _hUGE_mute_channel_banked          hUGEDriver_obj
     000005EB  _hUGE_mute_channel                 hUGEDriver_obj
     000005F8  _hUGE_set_position_banked          hUGEDriver_obj
     000005FC  _hUGE_set_position                 hUGEDriver_obj
     00000605  hUGE_init                          hUGEDriver_obj
     0000065B  hUGE_mute_channel                  hUGEDriver_obj
     00000851  hUGE_set_position                  hUGEDriver_obj
     000009B9  _hUGE_dosound                      hUGEDriver_obj
     000009B9  _hUGE_dosound_banked               hUGEDriver_obj
     000009B9  hUGE_dosound                       hUGEDriver_obj
     00000CA8  _get_vram_byte                     
     00000CB5  _get_win_tile_xy                   
     00000CBD  _get_bkg_tile_xy                   
     00000CE4  _hide_sprites_range                Metasprites
     00000D14  .sgb_check                         
     00000D14  _sgb_check                         
     00000D5C  _sgb_transfer                      
     00000D61  .sgb_transfer                      
     00000DA2  ___move_metasprite                 Metasprites
ASxxxx Linker V03.00 + NoICE + sdld,  page 12.
Hexadecimal  [32-Bits]

Area                                    Addr        Size        Decimal Bytes (Attributes)
--------------------------------        ----        ----        ------- ----- ------------
_HEADER0                            00000000    00000001 =           1. bytes (ABS,CON)

      Value  Global                              Global Defined In Module
      -----  --------------------------------   ------------------------
     00000020  .call_hl                           Runtime

ASxxxx Linker V03.00 + NoICE + sdld,  page 13.
Hexadecimal  [32-Bits]

Area                                    Addr        Size        Decimal Bytes (Attributes)
--------------------------------        ----        ----        ------- ----- ------------
_HEADER1                            00000000    00000005 =           5. bytes (ABS,CON)

      Value  Global                              Global Defined In Module
      -----  --------------------------------   ------------------------
     00000028  .MemsetSmall                       Runtime

ASxxxx Linker V03.00 + NoICE + sdld,  page 14.
Hexadecimal  [32-Bits]

Area                                    Addr        Size        Decimal Bytes (Attributes)
--------------------------------        ----        ----        ------- ----- ------------
_HEADER2                            00000000    00000007 =           7. bytes (ABS,CON)

      Value  Global                              Global Defined In Module
      -----  --------------------------------   ------------------------
     00000030  .MemcpySmall                       Runtime

ASxxxx Linker V03.00 + NoICE + sdld,  page 15.
Hexadecimal  [32-Bits]

Area                                    Addr        Size        Decimal Bytes (Attributes)
--------------------------------        ----        ----        ------- ----- ------------
_HEADER3                            00000000    00000008 =           8. bytes (ABS,CON)

      Value  Global                              Global Defined In Module
      -----  --------------------------------   ------------------------
ASxxxx Linker V03.00 + NoICE + sdld,  page 16.
Hexadecimal  [32-Bits]

Area                                    Addr        Size        Decimal Bytes (Attributes)
--------------------------------        ----        ----        ------- ----- ------------
_HEADER4                            00000000    0000004E =          78. bytes (ABS,CON)

      Value  Global                              Global Defined In Module
      -----  --------------------------------   ------------------------
     00000080  .int                               Runtime
     0000008F  _wait_int_handler                  Runtime
     0000009C  __standard_VBL_handler             Runtime
     000000AC  _refresh_OAM                       Runtime

ASxxxx Linker V03.00 + NoICE + sdld,  page 17.
Hexadecimal  [32-Bits]

Area                                    Addr        Size        Decimal Bytes (Attributes)
--------------------------------        ----        ----        ------- ----- ------------
_HEADER5                            00000000    00000002 =           2. bytes (ABS,CON)

      Value  Global                              Global Defined In Module
      -----  --------------------------------   ------------------------
ASxxxx Linker V03.00 + NoICE + sdld,  page 18.
Hexadecimal  [32-Bits]

Area                                    Addr        Size        Decimal Bytes (Attributes)
--------------------------------        ----        ----        ------- ----- ------------
_HEADER6                            00000000    00000030 =          48. bytes (ABS,CON)

      Value  Global                              Global Defined In Module
      -----  --------------------------------   ------------------------
ASxxxx Linker V03.00 + NoICE + sdld,  page 19.
Hexadecimal  [32-Bits]

Area                                    Addr        Size        Decimal Bytes (Attributes)
--------------------------------        ----        ----        ------- ----- ------------
_HEADER7                            00000000    00000006 =           6. bytes (ABS,CON)

      Value  Global                              Global Defined In Module
      -----  --------------------------------   ------------------------
ASxxxx Linker V03.00 + NoICE + sdld,  page 20.
Hexadecimal  [32-Bits]

Area                                    Addr        Size        Decimal Bytes (Attributes)
--------------------------------        ----        ----        ------- ----- ------------
_HEADER8                            00000000    00000003 =           3. bytes (ABS,CON)

      Value  Global                              Global Defined In Module
      -----  --------------------------------   ------------------------
ASxxxx Linker V03.00 + NoICE + sdld,  page 21.
Hexadecimal  [32-Bits]

Area                                    Addr        Size        Decimal Bytes (Attributes)
--------------------------------        ----        ----        ------- ----- ------------
_HEADER9                            00000000    00000001 =           1. bytes (ABS,CON)

      Value  Global                              Global Defined In Module
      -----  --------------------------------   ------------------------
ASxxxx Linker V03.00 + NoICE + sdld,  page 22.
Hexadecimal  [32-Bits]

Area                                    Addr        Size        Decimal Bytes (Attributes)
--------------------------------        ----        ----        ------- ----- ------------
_HEADERa                            00000000    00000001 =           1. bytes (ABS,CON)

      Value  Global                              Global Defined In Module
      -----  --------------------------------   ------------------------
ASxxxx Linker V03.00 + NoICE + sdld,  page 23.
Hexadecimal  [32-Bits]

Area                                    Addr        Size        Decimal Bytes (Attributes)
--------------------------------        ----        ----        ------- ----- ------------
_HEADERb                            00000000    00000001 =           1. bytes (ABS,CON)

      Value  Global                              Global Defined In Module
      -----  --------------------------------   ------------------------
ASxxxx Linker V03.00 + NoICE + sdld,  page 24.
Hexadecimal  [32-Bits]

Area                                    Addr        Size        Decimal Bytes (Attributes)
--------------------------------        ----        ----        ------- ----- ------------
_HEADERc                            00000000    00000002 =           2. bytes (ABS,CON)

      Value  Global                              Global Defined In Module
      -----  --------------------------------   ------------------------
ASxxxx Linker V03.00 + NoICE + sdld,  page 25.
Hexadecimal  [32-Bits]

Area                                    Addr        Size        Decimal Bytes (Attributes)
--------------------------------        ----        ----        ------- ----- ------------
_HEADERd                            00000000    00000001 =           1. bytes (ABS,CON)

      Value  Global                              Global Defined In Module
      -----  --------------------------------   ------------------------
ASxxxx Linker V03.00 + NoICE + sdld,  page 26.
Hexadecimal  [32-Bits]

Area                                    Addr        Size        Decimal Bytes (Attributes)
--------------------------------        ----        ----        ------- ----- ------------
_HEADERe                            00000000    00000001 =           1. bytes (ABS,CON)

      Value  Global                              Global Defined In Module
      -----  --------------------------------   ------------------------
ASxxxx Linker V03.00 + NoICE + sdld,  page 27.
Hexadecimal  [32-Bits]

Area                                    Addr        Size        Decimal Bytes (Attributes)
--------------------------------        ----        ----        ------- ----- ------------
_HEADERf                            00000000    00000002 =           2. bytes (ABS,CON)

      Value  Global                              Global Defined In Module
      -----  --------------------------------   ------------------------
ASxxxx Linker V03.00 + NoICE + sdld,  page 28.
Hexadecimal  [32-Bits]

Area                                    Addr        Size        Decimal Bytes (Attributes)
--------------------------------        ----        ----        ------- ----- ------------
_HEADER10                           00000000    00000082 =         130. bytes (ABS,CON)

      Value  Global                              Global Defined In Module
      -----  --------------------------------   ------------------------
     00000150  .reset                             Runtime
     00000150  _reset                             Runtime
     00000157  .code_start                        Runtime
     000001B7  _exit                              Runtime
     000001BB  _set_interrupts                    Runtime

ASxxxx Linker V03.00 + NoICE + sdld,  page 29.
Hexadecimal  [32-Bits]

Area                                    Addr        Size        Decimal Bytes (Attributes)
--------------------------------        ----        ----        ------- ----- ------------
_HEADER11                           00000000    00000001 =           1. bytes (ABS,CON)

      Value  Global                              Global Defined In Module
      -----  --------------------------------   ------------------------
ASxxxx Linker V03.00 + NoICE + sdld,  page 30.
Hexadecimal  [32-Bits]

Area                                    Addr        Size        Decimal Bytes (Attributes)
--------------------------------        ----        ----        ------- ----- ------------
_HOME                               00000DE1    00002B97 =       11159. bytes (REL,CON)

      Value  Global                              Global Defined In Module
      -----  --------------------------------   ------------------------
     00000DE1  .memset_simple                     Runtime
     00000DEA  .memcpy_simple                     Runtime
     00000E07  .remove_VBL                        Runtime
     00000E0A  .remove_int                        Runtime
     00000E27  .add_VBL                           Runtime
     00000E2A  .add_int                           Runtime
     00000E35  .wait_vbl_done                     Runtime
     00000E35  _wait_vbl_done                     Runtime
     00000E45  .display_off                       Runtime
     00000E45  _display_off                       Runtime
     00000E5D  _remove_VBL                        Runtime
     00000E68  _add_VBL                           Runtime
     00000E73  _actors_update                     actor
     00001270  _SetBankedBkgData                  bankdata
     0000128C  _SetBankedSpriteData               bankdata
     000012A8  _SetBankedBkgTiles                 bankdata
     000012C4  _SetBankedWinTiles                 bankdata
     000012E0  _ReadBankedFarPtr                  bankdata
     00001307  _ReadBankedUWORD                   bankdata
     00001323  _MemcpyBanked                      bankdata
     0000133F  _MemcpyVRAMBanked                  bankdata
     0000135B  _IndexOfFarPtr                     bankdata
     000013F1  _camera_update                     camera
     00001524  _load_animations                   data_manager
     00001583  _events_update                     events
     00001655  _timers_update                     events
     000016DD  _input_update                      input
     0000170D  .sio_ISR                           
     00001767  .timer_ISR                         
     0000177C  _simple_LCD_isr                    interrupts
     000017F8  _fullscreen_LCD_isr                interrupts
     00001824  _VBL_isr                           interrupts
     0000186E  _isqrt                             math
     000018C4  _sine_wave                         math
     000019C4  _dir_lookup                        math
     000019CC  _dir_angle_lookup                  math
     000019D0  _hUGETrackerRoutine                music_manager
     000019FC  _music_events_update               music_manager
     00001A7E  _music_play_isr                    music_manager
     00001B24  _parallax_LCD_isr                  parallax
     00001B61  _projectiles_update                projectiles
     00002000  _projectiles_render                projectiles
     00002173  _scroll_load_pending_row           scroll
     000021C6  _scroll_load_row                   scroll
     0000220B  _scroll_load_col                   scroll
     0000223F  _scroll_load_pending_col           scroll
     00002297  _set_bkg_submap                    
     000022DA  _set_xy_win_submap                 
     00002307  .set_xy_win_submap                 
     00002310  .set_xy_bkg_submap                 
ASxxxx Linker V03.00 + NoICE + sdld,  page 31.
Hexadecimal  [32-Bits]

Area                                    Addr        Size        Decimal Bytes (Attributes)
--------------------------------        ----        ----        ------- ----- ------------
_HOME                               00000DE1    00002B97 =       11159. bytes (REL,CON)

      Value  Global                              Global Defined In Module
      -----  --------------------------------   ------------------------
     0000231F  .set_xy_submap                     
     00002365  _sfx_play_isr                      sfx_player
     00002438  _on_SIO_receive                    sio
     00002479  _SIO_update                        sio
     000024E0  _ui_update                         ui
     0000260F  _vm_sgb_transfer                   vm_sgb
     0000265D  _vm_load_text                      vm_ui
     000028B2  _vm_switch                         vm
     000029B5  _vm_beginthread                    vm
     00002ADA  _vm_rpn                            vm
     0000321C  _vm_get_far                        vm
     00003286  _vm_call_native                    vm
     00003299  _VM_STEP                           vm
     00003307  _script_runner_update              vm
     00003472  _fill_win_rect                     
     00003484  _rand                              
     00003484  _randw                             
     000034AF  _initrand                          
     000034B1  .initrand                          
     000034BA  _get_bkg_data                      
     000034BA  _get_win_data                      
     00003507  _get_sprite_data                   
     00003537  __mulsuchar                        mul
     00003541  __muluschar                        mul
     0000354B  __mulschar                         mul
     0000355D  __muluchar                         mul
     00003569  __mulint                           mul
     0000358F  _abs                               abs
     0000359E  _set_win_tiles                     
     000035B2  _set_tile_data                     
     000035B7  _set_bkg_data                      
     000035B7  _set_win_data                      
     000035BF  _set_sprite_data                   
     000035EF  _reverse                           reverse
     00003623  ___call__banked                    far_ptr
     00003640  _to_far_ptr                        far_ptr
     00003679  _add_LCD                           
     00003684  .add_LCD                           
     0000368A  _remove_LCD                        
     00003695  .remove_LCD                        
     0000369B  .fill_rect_wtt                     
     000036A4  .fill_rect_btt                     
     000036F1  .copy_vram                         
     00003705  _get_data                          
     00003705  _set_data                          
     00003705  _vmemcpy                           
     00003718  _fill_bkg_rect                     
     0000372A  .padup                             
     0000372A  _waitpadup                         
     0000373A  .jpad                              
     0000373A  _joypad                            
ASxxxx Linker V03.00 + NoICE + sdld,  page 32.
Hexadecimal  [32-Bits]

Area                                    Addr        Size        Decimal Bytes (Attributes)
--------------------------------        ----        ----        ------- ----- ------------
_HOME                               00000DE1    00002B97 =       11159. bytes (REL,CON)

      Value  Global                              Global Defined In Module
      -----  --------------------------------   ------------------------
     00003762  _waitpad                           
     00003765  .wait_pad                          
     0000376C  ___sdcc_call_hl                    call_hl
     0000376D  ___memcpy                          memcpy
     0000376D  _memcpy                            memcpy
     000037B0  _memset                            memset
     000037E3  .set_xy_wtt                        SetTileMap
     000037EC  .set_xy_btt                        SetTileMap
     000037FB  .set_xy_tt                         SetTileMap
     0000383D  __divsuchar                        div
     0000384A  __modsuchar                        div
     00003854  __divuschar                        div
     00003866  __moduschar                        div
     00003876  __divschar                         div
     00003882  __modschar                         div
     0000388C  __divsint                          div
     0000389D  __modsint                          div
     000038AC  __divuchar                         div
     000038B8  __moduchar                         div
     000038C2  __divuint                          div
     000038D3  __moduint                          div
     000038E2  .div8                              div
     000038E2  .mod8                              div
     000038EA  .div16                             div
     000038EA  .mod16                             div
     00003920  .divu8                             div
     00003920  .modu8                             div
     00003923  .divu16                            div
     00003923  .modu16                            div
     00003964  _set_bkg_tiles                     

ASxxxx Linker V03.00 + NoICE + sdld,  page 33.
Hexadecimal  [32-Bits]

Area                                    Addr        Size        Decimal Bytes (Attributes)
--------------------------------        ----        ----        ------- ----- ------------
_INITIALIZER                        00003978    00000019 =          25. bytes (REL,CON)

      Value  Global                              Global Defined In Module
      -----  --------------------------------   ------------------------
ASxxxx Linker V03.00 + NoICE + sdld,  page 34.
Hexadecimal  [32-Bits]

Area                                    Addr        Size        Decimal Bytes (Attributes)
--------------------------------        ----        ----        ------- ----- ------------
_GSINIT                             00003991    00000027 =          39. bytes (REL,CON)

      Value  Global                              Global Defined In Module
      -----  --------------------------------   ------------------------
     00003991  gsinit                             Runtime

ASxxxx Linker V03.00 + NoICE + sdld,  page 35.
Hexadecimal  [32-Bits]

Area                                    Addr        Size        Decimal Bytes (Attributes)
--------------------------------        ----        ----        ------- ----- ------------
_GSFINAL                            000039B8    00000001 =           1. bytes (REL,CON)

      Value  Global                              Global Defined In Module
      -----  --------------------------------   ------------------------
ASxxxx Linker V03.00 + NoICE + sdld,  page 36.
Hexadecimal  [32-Bits]

Area                                    Addr        Size        Decimal Bytes (Attributes)
--------------------------------        ----        ----        ------- ----- ------------
_DATA                               0000C0A0    0000197E =        6526. bytes (REL,CON)

      Value  Global                              Global Defined In Module
      -----  --------------------------------   ------------------------
     0000C0A0  __cpu                              Runtime
     0000C0A1  __is_GBA                           Runtime
     0000C0A2  .mode                              Runtime
     0000C0A3  .sys_time                          Runtime
     0000C0A3  _sys_time                          Runtime
     0000C0A5  .int_0x40                          Runtime
     0000C0B9  _actors                            actor
     0000C4FD  _actors_active_head                actor
     0000C4FF  _actors_active_tail                actor
     0000C501  _actors_inactive_head              actor
     0000C503  _screen_x                          actor
     0000C504  _screen_y                          actor
     0000C505  _invalid                           actor
     0000C507  _player_moving                     actor
     0000C508  _player_iframes                    actor
     0000C509  _player_collision_actor            actor
     0000C50B  _emote_actor                       actor
     0000C50D  _emote_timer                       actor
     0000C50E  _allocated_hardware_sprites        actor
     0000C51A  _camera_x                          camera
     0000C51C  _camera_y                          camera
     0000C51E  _camera_offset_x                   camera
     0000C51F  _camera_offset_y                   camera
     0000C520  _camera_deadzone_x                 camera
     0000C521  _camera_deadzone_y                 camera
     0000C522  _camera_settings                   camera
     0000C526  _current_scene                     data_manager
     0000C529  _image_bank                        data_manager
     0000C52A  _image_ptr                         data_manager
     0000C52C  _image_attr_bank                   data_manager
     0000C52D  _image_attr_ptr                    data_manager
     0000C52F  _collision_bank                    data_manager
     0000C530  _collision_ptr                     data_manager
     0000C532  _image_tile_width                  data_manager
     0000C533  _image_tile_height                 data_manager
     0000C534  _image_width                       data_manager
     0000C536  _image_height                      data_manager
     0000C538  _sprites_len                       data_manager
     0000C539  _actors_len                        data_manager
     0000C53A  _projectiles_len                   data_manager
     0000C53B  _player_sprite_len                 data_manager
     0000C53C  _scene_type                        data_manager
     0000C53D  _scene_LCD_type                    data_manager
     0000C53E  _scene_stack                       data_manager
     0000C57E  _scene_stack_ptr                   data_manager
     0000C580  _scene_sprites_base_tiles          data_manager
     0000C5C0  _input_events                      events
     0000C5E8  _input_slots                       events
     0000C5F0  _timer_events                      events
     0000C604  _timer_values                      events
ASxxxx Linker V03.00 + NoICE + sdld,  page 37.
Hexadecimal  [32-Bits]

Area                                    Addr        Size        Decimal Bytes (Attributes)
--------------------------------        ----        ----        ------- ----- ------------
_DATA                               0000C0A0    0000197E =        6526. bytes (REL,CON)

      Value  Global                              Global Defined In Module
      -----  --------------------------------   ------------------------
     0000C60C  _fade_running                      fade_manager
     0000C60D  _fade_frames_per_step              fade_manager
     0000C60E  _fade_timer                        fade_manager
     0000C616  _joypads                           input
     0000C61B  _frame_joy                         input
     0000C61C  _last_joy                          input
     0000C61D  _recent_joy                        input
     0000C61E  _SIO_status                        
     0000C61F  _link_byte_sent                    
     0000C620  _link_next_mode                    
     0000C621  _save_blob_size                    load_save
     0000C623  _routine_queue                     music_manager
     0000C627  _routine_queue_head                music_manager
     0000C628  _routine_queue_tail                music_manager
     0000C629  _music_events                      music_manager
     0000C63D  _music_current_track_bank          music_manager
     0000C63E  _music_mute_flag                   music_manager
     0000C63F  _music_mute_mask                   music_manager
     0000C640  _music_next_track                  music_manager
     0000C642  _music_current_track               music_manager
     0000C644  _music_play_isr_counter            music_manager
     0000C645  _music_play_isr_pause              music_manager
     0000C646  _music_global_mute_mask            music_manager
     0000C647  _music_sfx_priority                music_manager
     0000C648  _DMG_palette                       palette
     0000C64B  _SprPalette                        palette
     0000C68B  _parallax_rows                     parallax
     0000C69D  _parallax_row                      parallax
     0000C69F  _projectiles                       projectiles
     0000C758  _projectile_defs                   projectiles
     0000C7CB  _projectiles_active_head           projectiles
     0000C7CD  _projectiles_inactive_head         projectiles
     0000C7D4  _scroll_x                          scroll
     0000C7D6  _scroll_y                          scroll
     0000C7D8  _draw_scroll_x                     scroll
     0000C7DA  _draw_scroll_y                     scroll
     0000C7DC  _scroll_x_max                      scroll
     0000C7DE  _scroll_y_max                      scroll
     0000C7E0  _scroll_offset_x                   scroll
     0000C7E1  _scroll_offset_y                   scroll
     0000C7E2  _pending_h_x                       scroll
     0000C7E3  _pending_h_y                       scroll
     0000C7E4  _pending_h_i                       scroll
     0000C7E5  _pending_w_x                       scroll
     0000C7E6  _pending_w_y                       scroll
     0000C7E7  _pending_w_i                       scroll
     0000C7E8  _current_row                       scroll
     0000C7EA  _new_row                           scroll
     0000C7EC  _current_col                       scroll
     0000C7EE  _new_col                           scroll
     0000C7F0  .image_tile_width                  
ASxxxx Linker V03.00 + NoICE + sdld,  page 38.
Hexadecimal  [32-Bits]

Area                                    Addr        Size        Decimal Bytes (Attributes)
--------------------------------        ----        ----        ------- ----- ------------
_DATA                               0000C0A0    0000197E =        6526. bytes (REL,CON)

      Value  Global                              Global Defined In Module
      -----  --------------------------------   ------------------------
     0000C7F1  _sfx_play_bank                     sfx_player
     0000C7F2  _sfx_play_sample                   sfx_player
     0000C7F4  _sfx_frame_skip                    sfx_player
     0000C7F5  _link_operation_mode               sio
     0000C7F6  _link_packet                       sio
     0000C816  _link_packet_len                   sio
     0000C817  _link_packet_ptr                   sio
     0000C819  _link_packet_received              sio
     0000C81A  _link_packet_snd_len               sio
     0000C81B  _link_packet_snd_ptr               sio
     0000C81D  _link_packet_sent                  sio
     0000C81E  __is_CGB                           system
     0000C81F  __is_SGB                           system
     0000C820  __current_ram_bank                 system
     0000C821  _triggers                          trigger
     0000C919  _last_trigger_tx                   trigger
     0000C91A  _last_trigger_ty                   trigger
     0000C91B  _last_trigger                      trigger
     0000C91C  _win_pos_x                         ui
     0000C91D  _win_dest_pos_x                    ui
     0000C91E  _win_pos_y                         ui
     0000C91F  _win_dest_pos_y                    ui
     0000C920  _win_speed                         ui
     0000C921  _text_drawn                        ui
     0000C922  _current_text_speed                ui
     0000C923  _text_wait                         ui
     0000C924  _text_options                      ui
     0000C925  _text_in_speed                     ui
     0000C926  _text_out_speed                    ui
     0000C927  _text_draw_speed                   ui
     0000C928  _text_ff_joypad                    ui
     0000C929  _text_ff                           ui
     0000C92A  _text_bkg_fill                     ui
     0000C92B  _ui_text_data                      ui
     0000CA35  _vwf_current_mask                  ui
     0000CA36  _vwf_current_rotate                ui
     0000CA37  _vwf_inverse_map                   ui
     0000CA38  _vwf_direction                     ui
     0000CA39  _vwf_current_font_desc             ui
     0000CA41  _vwf_current_font_bank             ui
     0000CA42  _vwf_current_font_idx              ui
     0000CA43  _text_render_base_addr             ui
     0000CA45  _text_scroll_addr                  ui
     0000CA47  _text_scroll_width                 ui
     0000CA48  _text_scroll_height                ui
     0000CA49  _text_scroll_fill                  ui
     0000CA4A  _text_sound_mask                   ui
     0000CA4B  _text_sound_bank                   ui
     0000CA4C  _text_sound_data                   ui
     0000CA54  __itoa_fmt_len                     vm_ui_a
     0000CA55  .itoa_fmt_buf                      vm_ui_a
ASxxxx Linker V03.00 + NoICE + sdld,  page 39.
Hexadecimal  [32-Bits]

Area                                    Addr        Size        Decimal Bytes (Attributes)
--------------------------------        ----        ----        ------- ----- ------------
_DATA                               0000C0A0    0000197E =        6526. bytes (REL,CON)

      Value  Global                              Global Defined In Module
      -----  --------------------------------   ------------------------
     0000CA58  _CTXS                              vm
     0000CB88  _first_ctx                         vm
     0000CB8A  _free_ctxs                         vm
     0000CB8C  _old_executing_ctx                 vm
     0000CB8E  _executing_ctx                     vm
     0000CB90  _vm_lock_state                     vm
     0000CB91  _vm_loaded_state                   vm
     0000CB92  _vm_exception_code                 vm
     0000CB93  _vm_exception_params_length        vm
     0000CB94  _vm_exception_params_bank          vm
     0000CB95  _vm_exception_params_offset        vm
     0000CB98  _script_memory                     vm
     0000D99E  _grounded                          platform
     0000D99F  _on_ladder                         platform
     0000D9A0  _pl_vel_x                          platform
     0000D9A2  _pl_vel_y                          platform
     0000D9A4  _plat_min_vel                      platform
     0000D9A6  _plat_walk_vel                     platform
     0000D9A8  _plat_climb_vel                    platform
     0000D9AA  _plat_run_vel                      platform
     0000D9AC  _plat_walk_acc                     platform
     0000D9AE  _plat_run_acc                      platform
     0000D9B0  _plat_dec                          platform
     0000D9B2  _plat_jump_vel                     platform
     0000D9B4  _plat_grav                         platform
     0000D9B6  _plat_hold_grav                    platform
     0000D9B8  _plat_max_fall_vel                 platform
     0000D9BA  _shooter_reached_end               shmup
     0000D9BB  _shooter_dest                      shmup
     0000D9BD  _shooter_direction                 shmup
     0000D9BE  _topdown_grid                      topdown
     0000D9BF  ___rand_seed                       
     0000D9DD  _hUGE_current_wave                 hUGEDriver_obj
     0000D9DD  hUGE_current_wave                  hUGEDriver_obj
     0000D9DE  _hUGE_mute_mask                    hUGEDriver_obj
     0000DA07  ___call_banked_addr                far_ptr
     0000DA07  ___call_banked_ptr                 far_ptr
     0000DA09  ___call_banked_bank                far_ptr
     0000DA0B  .int_0x48                          
     0000DA1B  ___current_metasprite              Metasprites
     0000DA1D  ___current_base_tile               Metasprites

ASxxxx Linker V03.00 + NoICE + sdld,  page 40.
Hexadecimal  [32-Bits]

Area                                    Addr        Size        Decimal Bytes (Attributes)
--------------------------------        ----        ----        ------- ----- ------------
_INITIALIZED                        0000DA1E    00000019 =          25. bytes (REL,CON)

      Value  Global                              Global Defined In Module
      -----  --------------------------------   ------------------------
     0000DA1E  _fade_style                        fade_manager
     0000DA1F  _game_time                         game_time
     0000DA20  _PRN_PKT_START                     gbprinter
     0000DA2E  _hide_sprites                      interrupts
     0000DA2F  _show_actors_on_overlay            interrupts
     0000DA30  _overlay_cut_scanline              interrupts
     0000DA31  _triggers_len                      trigger
     0000DA32  _exchange_state                    vm_sio
     0000DA33  _last_hit_trigger                  pointnclick
     0000DA34  _shooter_scroll_speed              shmup
     0000DA35  ___render_shadow_OAM               Metasprites
     0000DA36  __map_tile_offset                  SetTileMap
ASxxxx Linker V03.00 + NoICE + sdld,  page 41.
Hexadecimal  [32-Bits]

Area                                    Addr        Size        Decimal Bytes (Attributes)
--------------------------------        ----        ----        ------- ----- ------------
_HRAM12                             00000000    00000003 =           3. bytes (ABS,CON)

      Value  Global                              Global Defined In Module
      -----  --------------------------------   ------------------------
     0000FF90  __current_bank                     Runtime
     0000FF92  __shadow_OAM_base                  Runtime

ASxxxx Linker V03.00 + NoICE + sdld,  page 42.
Hexadecimal  [32-Bits]

Area                                    Addr        Size        Decimal Bytes (Attributes)
--------------------------------        ----        ----        ------- ----- ------------
_EHL_TRAMPOLINE0                    00000000    00000011 =          17. bytes (ABS,CON)

      Value  Global                              Global Defined In Module
      -----  --------------------------------   ------------------------
     00000008  ___sdcc_bcall_ehl                  

ASxxxx Linker V03.00 + NoICE + sdld,  page 43.
Hexadecimal  [32-Bits]

Area                                    Addr        Size        Decimal Bytes (Attributes)
--------------------------------        ----        ----        ------- ----- ------------
_CODE_2                             00024000    00003FFF =       16383. bytes (REL,CON)

      Value  Global                              Global Defined In Module
      -----  --------------------------------   ------------------------
     00024000  ___func_ACTOR                      actor
     00024000  _actors_init                       actor
     0002403A  _emote_offsets                     actor
     00024049  _emote_metasprite                  actor
     00024055  _player_init                       actor
     0002406A  _deactivate_actor                  actor
     000241DB  _activate_actor                    actor
     0002431A  _activate_actors_in_row            actor
     00024411  _activate_actors_in_col            actor
     00024562  _actor_set_frames                  actor
     000245B6  _actor_set_frame_offset            actor
     000245F3  _actor_get_frame_offset            actor
     00024606  _actor_set_anim_idle               actor
     00024634  _actor_set_anim_moving             actor
     00024665  _actor_set_dir                     actor
     000246CA  _actor_at_tile                     actor
     000247A0  _actor_in_front_of_player          actor
     00024887  _actor_overlapping_player          actor
     00024B20  _actor_overlapping_bb              actor
     00024D3F  _actors_handle_player_collision    actor
     00024DCA  _check_collision_in_direction      actor
     000255BA  ___func_VM_ACTOR                   vm_actor
     000255BA  _vm_actor_move_to                  vm_actor
     00025F57  _vm_actor_move_cancel              vm_actor
     00025F8D  _vm_actor_activate                 vm_actor
     00025FDF  _vm_actor_deactivate               vm_actor
     00026030  _vm_actor_terminate_update         vm_actor
     00026077  _vm_actor_set_dir                  vm_actor
     000260C0  _vm_actor_set_anim                 vm_actor
     0002614D  _vm_actor_set_pos                  vm_actor
     000261C7  _vm_actor_get_pos                  vm_actor
     00026236  _vm_actor_get_dir                  vm_actor
     000262B0  _vm_actor_get_angle                vm_actor
     00026331  _vm_actor_emote                    vm_actor
     000263F5  _vm_actor_set_bounds               vm_actor
     00026453  _vm_actor_set_spritesheet          vm_actor
     00026522  _vm_actor_replace_tile             vm_actor
     0002658C  _vm_actor_set_anim_tick            vm_actor
     000265CA  _vm_actor_set_move_speed           vm_actor
     00026608  _vm_actor_set_anim_frame           vm_actor
     0002664C  _vm_actor_get_anim_frame           vm_actor
     00026695  _vm_actor_set_anim_set             vm_actor
     00026722  _vm_actor_set_spritesheet_by_ref   vm_actor
     00026830  _vm_actor_set_flags                vm_actor
     000268DE  ___func_VM_UI                      vm_ui
     000268DE  _vm_display_text                   vm_ui
     00026911  _vm_switch_text_layer              vm_ui
     0002692B  _vm_overlay_setpos                 vm_ui
     00026945  _vm_overlay_wait                   vm_ui
     000269D6  _vm_overlay_move_to                vm_ui
ASxxxx Linker V03.00 + NoICE + sdld,  page 44.
Hexadecimal  [32-Bits]

Area                                    Addr        Size        Decimal Bytes (Attributes)
--------------------------------        ----        ----        ------- ----- ------------
_CODE_2                             00024000    00003FFF =       16383. bytes (REL,CON)

      Value  Global                              Global Defined In Module
      -----  --------------------------------   ------------------------
     00026A1A  _vm_overlay_set_scroll             vm_ui
     00026A57  _vm_overlay_clear                  vm_ui
     00026AFF  _vm_overlay_show                   vm_ui
     00026B4D  _vm_choice                         vm_ui
     00026C68  _vm_set_font                       vm_ui
     00026C99  _vm_overlay_scroll                 vm_ui
     00026CD4  _vm_overlay_set_submap             vm_ui
     00026D11  _vm_overlay_set_submap_ex          vm_ui
     00026D8F  _vm_overlay_set_map                vm_ui
     00026E96  _vm_set_text_sound                 vm_ui
     00026EAF  _spritesheet_none_metasprite       spritesheet_none
     00026EB3  _spritesheet_none_metasprites      spritesheet_none
     00026EB5  _spritesheet_none                  spritesheet_none
     00026EC8  _platform_init                     platform
     0002707C  _platform_update                   platform

ASxxxx Linker V03.00 + NoICE + sdld,  page 45.
Hexadecimal  [32-Bits]

Area                                    Addr        Size        Decimal Bytes (Attributes)
--------------------------------        ----        ----        ------- ----- ------------
_CODE_4                             00044000    00003FFE =       16382. bytes (REL,CON)

      Value  Global                              Global Defined In Module
      -----  --------------------------------   ------------------------
     00044000  _bootstrap_script                  
     0004400B  _core_reset                        core
     00044080  _process_VM                        core
     00044327  _core_run                          core
     00044400  ___HandleCrash_banked              
     00044767  _restore_sram_bank                 flasher
     000447A1  _restore_sram                      flasher
     000447B7  _save_sram                         flasher
     000447E7  _printer_send_receive              gbprinter
     00044821  _printer_send_byte                 gbprinter
     00044840  _printer_send_command              gbprinter
     0004486B  _printer_print_tile                gbprinter
     00044905  _printer_wait                      gbprinter
     00044935  _gbprinter_detect                  gbprinter
     00044957  _gbprinter_print_overlay           gbprinter
     00044B95  _data_init                         load_save
     00044BE0  _save_points                       load_save
     00044C38  _data_slot_address                 load_save
     00044C9C  _data_save                         load_save
     00044D82  _data_load                         load_save
     00044E91  _data_clear                        load_save
     00044EC2  _data_peek                         load_save
     00044F70  _projectiles_init                  projectiles
     00044FB0  _projectile_launch                 projectiles
     000453B9  _scroll_init                       scroll
     000453E3  _scroll_reset                      scroll
     00045403  _scroll_update                     scroll
     0004551A  _scroll_viewport                   scroll
     000459C8  _scroll_repaint                    scroll
     000459D8  _scroll_render_rows                scroll
     00045A60  _scroll_queue_row                  scroll
     00045A85  _scroll_queue_col                  scroll
     00045AD1  _set_sgb_border                    sgb_border
     00045D02  _trigger_reset                     trigger
     00045D12  _trigger_interact                  trigger
     00045D52  _trigger_activate_at               trigger
     00045D9D  _trigger_at_intersection           trigger
     00045EB2  _trigger_activate_at_intersectio   trigger
     00045FF4  _trigger_at_tile                   trigger
     00046084  ___func_VM_GAMEBOY                 vm_gameboy
     00046084  _vm_set_sprites_visible            vm_gameboy
     0004609B  _vm_input_wait                     vm_gameboy
     000460C4  _vm_context_prepare                vm_gameboy
     000460EF  _vm_input_attach                   vm_gameboy
     00046105  _vm_input_detach                   vm_gameboy
     00046119  _vm_input_get                      vm_gameboy
     0004614D  _vm_fade                           vm_gameboy
     0004617F  _vm_timer_prepare                  vm_gameboy
     000461AA  _vm_timer_set                      vm_gameboy
     000461C5  _vm_timer_stop                     vm_gameboy
ASxxxx Linker V03.00 + NoICE + sdld,  page 46.
Hexadecimal  [32-Bits]

Area                                    Addr        Size        Decimal Bytes (Attributes)
--------------------------------        ----        ----        ------- ----- ------------
_CODE_4                             00044000    00003FFE =       16382. bytes (REL,CON)

      Value  Global                              Global Defined In Module
      -----  --------------------------------   ------------------------
     000461D9  _vm_timer_reset                    vm_gameboy
     000461F0  _vm_get_tile_xy                    vm_gameboy
     0004629C  _vm_replace_tile                   vm_gameboy
     0004632B  _vm_poll                           vm_gameboy
     000463FD  _vm_set_sprite_mode                vm_gameboy
     00046411  _vm_replace_tile_xy                vm_gameboy
     000464EF  _vm_rumble                         vm_gameboy
     0004650F  _vm_load_tiles                     vm_gameboy
     00046524  _vm_load_tileset                   vm_gameboy
     000465B7  ___func_VM_SIO                     vm_sio
     000465B7  _vm_sio_set_mode                   vm_sio
     000465CA  _vm_sio_exchange                   vm_sio
     00046923  ___func_bg_rustlab_tileset         bg_rustlab_tileset
     00046923  _bg_rustlab_tileset                bg_rustlab_tileset
     000478CE  _song_song_template_2_Data         song_song_template_2_Data
     000478E3  _shmup_init                        shmup
     0004797F  _shmup_update                      shmup

ASxxxx Linker V03.00 + NoICE + sdld,  page 47.
Hexadecimal  [32-Bits]

Area                                    Addr        Size        Decimal Bytes (Attributes)
--------------------------------        ----        ----        ------- ----- ------------
_CODE_5                             00054000    00002064 =        8292. bytes (REL,CON)

      Value  Global                              Global Defined In Module
      -----  --------------------------------   ------------------------
     00054000  _camera_init                       camera
     0005401E  _camera_reset                      camera
     0005402E  _DMGFadeToWhiteStep                fade_manager
     00054051  _DMGFadeToBlackStep                fade_manager
[...]
     000141A2  _ui_draw_frame                     ui
     00014211  _ui_print_reset                    ui
     00014245  _ui_set_start_tile                 ui
     00014271  _ui_print_render                   ui
     00014465  _ui_draw_text_buffer_char          ui
     000148CB  _ui_run_menu                       ui
     00014B24  _ui_run_modal                      ui
     00014BF3  ___func_VM_SGB                     vm_sgb
     00014BF3  ___func_bg_compact_cassette_tile   bg_compact_cassette_tileset
     00014BF3  _bg_compact_cassette_tileset       bg_compact_cassette_tileset
     00016275  ___func_bg_player_tileset          bg_player_tileset
     00016275  _bg_player_tileset                 bg_player_tileset
     000178F7  _script_input_4                    script_input_4
     000178F9  _topdown_init                      topdown
     00017990  _topdown_update                    topdown

ASxxxx Linker V03.00 + NoICE + sdld,  page 58.
Hexadecimal  [32-Bits]

Area                                    Addr        Size        Decimal Bytes (Attributes)
--------------------------------        ----        ----        ------- ----- ------------
_HEADER_LCD0                        00000000    00000003 =           3. bytes (ABS,CON)

      Value  Global                              Global Defined In Module
      -----  --------------------------------   ------------------------
ASxxxx Linker V03.00 + NoICE + sdld,  page 59.

Files Linked                              [ module(s) ]

/var/folders/r2/zhtlvg9s0t9gfw0zq32yrzg00000gn/T/_gbstools/gbdk/lib/small/asxxxx/gb/crt0.o
                                          [ Runtime ]
/var/folders/r2/zhtlvg9s0t9gfw0zq32yrzg00000gn/T/_gbsbuild/obj/___sdcc_bcall_ehl.rel
                                          [  ]
/var/folders/r2/zhtlvg9s0t9gfw0zq32yrzg00000gn/T/_gbsbuild/obj/absolute.rel
                                          [ absolute ]
/var/folders/r2/zhtlvg9s0t9gfw0zq32yrzg00000gn/T/_gbsbuild/obj/actor.rel
                                          [ actor ]
/var/folders/r2/zhtlvg9s0t9gfw0zq32yrzg00000gn/T/_gbsbuild/obj/bankdata.rel
                                          [ bankdata ]
/var/folders/r2/zhtlvg9s0t9gfw0zq32yrzg00000gn/T/_gbsbuild/obj/bootstrap.rel
                                          [  ]
/var/folders/r2/zhtlvg9s0t9gfw0zq32yrzg00000gn/T/_gbsbuild/obj/camera.rel
                                          [ camera ]
/var/folders/r2/zhtlvg9s0t9gfw0zq32yrzg00000gn/T/_gbsbuild/obj/core.rel
                                          [ core ]
/var/folders/r2/zhtlvg9s0t9gfw0zq32yrzg00000gn/T/_gbsbuild/obj/crash_handler.rel
                                          [  ]
/var/folders/r2/zhtlvg9s0t9gfw0zq32yrzg00000gn/T/_gbsbuild/obj/data_manager.rel
                                          [ data_manager ]
/var/folders/r2/zhtlvg9s0t9gfw0zq32yrzg00000gn/T/_gbsbuild/obj/events.rel
                                          [ events ]
/var/folders/r2/zhtlvg9s0t9gfw0zq32yrzg00000gn/T/_gbsbuild/obj/fade_manager.rel
                                          [ fade_manager ]
/var/folders/r2/zhtlvg9s0t9gfw0zq32yrzg00000gn/T/_gbsbuild/obj/flasher_s.rel
                                          [  ]
/var/folders/r2/zhtlvg9s0t9gfw0zq32yrzg00000gn/T/_gbsbuild/obj/flasher.rel
                                          [ flasher ]
/var/folders/r2/zhtlvg9s0t9gfw0zq32yrzg00000gn/T/_gbsbuild/obj/game_time.rel
                                          [ game_time ]
/var/folders/r2/zhtlvg9s0t9gfw0zq32yrzg00000gn/T/_gbsbuild/obj/gbprinter.rel
                                          [ gbprinter ]
/var/folders/r2/zhtlvg9s0t9gfw0zq32yrzg00000gn/T/_gbsbuild/obj/input.rel
                                          [ input ]
/var/folders/r2/zhtlvg9s0t9gfw0zq32yrzg00000gn/T/_gbsbuild/obj/interrupt_sio.rel
                                          [  ]
/var/folders/r2/zhtlvg9s0t9gfw0zq32yrzg00000gn/T/_gbsbuild/obj/interrupt_timer.rel
                                          [  ]
/var/folders/r2/zhtlvg9s0t9gfw0zq32yrzg00000gn/T/_gbsbuild/obj/interrupts.rel
                                          [ interrupts ]
/var/folders/r2/zhtlvg9s0t9gfw0zq32yrzg00000gn/T/_gbsbuild/obj/load_save.rel
                                          [ load_save ]
/var/folders/r2/zhtlvg9s0t9gfw0zq32yrzg00000gn/T/_gbsbuild/obj/math.rel
                                          [ math ]
/var/folders/r2/zhtlvg9s0t9gfw0zq32yrzg00000gn/T/_gbsbuild/obj/music_manager.rel
                                          [ music_manager ]
/var/folders/r2/zhtlvg9s0t9gfw0zq32yrzg00000gn/T/_gbsbuild/obj/palette.rel
                                          [ palette ]
/var/folders/r2/zhtlvg9s0t9gfw0zq32yrzg00000gn/T/_gbsbuild/obj/parallax.rel
                                          [ parallax ]
/var/folders/r2/zhtlvg9s0t9gfw0zq32yrzg00000gn/T/_gbsbuild/obj/projectiles.rel
                                          [ projectiles ]
/var/folders/r2/zhtlvg9s0t9gfw0zq32yrzg00000gn/T/_gbsbuild/obj/scroll_a.rel
                                          [  ]
/var/folders/r2/zhtlvg9s0t9gfw0zq32yrzg00000gn/T/_gbsbuild/obj/scroll.rel
                                          [ scroll ]
/var/folders/r2/zhtlvg9s0t9gfw0zq32yrzg00000gn/T/_gbsbuild/obj/set_tile_submap.rel
                                          [  ]
/var/folders/r2/zhtlvg9s0t9gfw0zq32yrzg00000gn/T/_gbsbuild/obj/sfx_player.rel
                                          [ sfx_player ]
/var/folders/r2/zhtlvg9s0t9gfw0zq32yrzg00000gn/T/_gbsbuild/obj/sgb_border.rel
                                          [ sgb_border ]
/var/folders/r2/zhtlvg9s0t9gfw0zq32yrzg00000gn/T/_gbsbuild/obj/sio.rel
                                          [ sio ]
/var/folders/r2/zhtlvg9s0t9gfw0zq32yrzg00000gn/T/_gbsbuild/obj/states_caller.rel
                                          [  ]
/var/folders/r2/zhtlvg9s0t9gfw0zq32yrzg00000gn/T/_gbsbuild/obj/system.rel
                                          [ system ]
/var/folders/r2/zhtlvg9s0t9gfw0zq32yrzg00000gn/T/_gbsbuild/obj/trigger.rel
                                          [ trigger ]
/var/folders/r2/zhtlvg9s0t9gfw0zq32yrzg00000gn/T/_gbsbuild/obj/ui_a.rel
                                          [  ]
/var/folders/r2/zhtlvg9s0t9gfw0zq32yrzg00000gn/T/_gbsbuild/obj/ui.rel
                                          [ ui ]
/var/folders/r2/zhtlvg9s0t9gfw0zq32yrzg00000gn/T/_gbsbuild/obj/vm_actor.rel
                                          [ vm_actor ]
/var/folders/r2/zhtlvg9s0t9gfw0zq32yrzg00000gn/T/_gbsbuild/obj/vm_camera.rel
                                          [ vm_camera ]
/var/folders/r2/zhtlvg9s0t9gfw0zq32yrzg00000gn/T/_gbsbuild/obj/vm_gameboy.rel
                                          [ vm_gameboy ]
/var/folders/r2/zhtlvg9s0t9gfw0zq32yrzg00000gn/T/_gbsbuild/obj/vm_gbprinter.rel
                                          [ vm_gbprinter ]
/var/folders/r2/zhtlvg9s0t9gfw0zq32yrzg00000gn/T/_gbsbuild/obj/vm_instructions.rel
                                          [ vm_instructions ]
/var/folders/r2/zhtlvg9s0t9gfw0zq32yrzg00000gn/T/_gbsbuild/obj/vm_load_save.rel
                                          [ vm_load_save ]
/var/folders/r2/zhtlvg9s0t9gfw0zq32yrzg00000gn/T/_gbsbuild/obj/vm_math.rel
                                          [ vm_math ]
/var/folders/r2/zhtlvg9s0t9gfw0zq32yrzg00000gn/T/_gbsbuild/obj/vm_music.rel
                                          [ vm_music ]
/var/folders/r2/zhtlvg9s0t9gfw0zq32yrzg00000gn/T/_gbsbuild/obj/vm_palette.rel
                                          [ vm_palette ]
/var/folders/r2/zhtlvg9s0t9gfw0zq32yrzg00000gn/T/_gbsbuild/obj/vm_projectiles.rel
                                          [ vm_projectiles ]
/var/folders/r2/zhtlvg9s0t9gfw0zq32yrzg00000gn/T/_gbsbuild/obj/vm_rtc.rel
                                          [ vm_rtc ]
/var/folders/r2/zhtlvg9s0t9gfw0zq32yrzg00000gn/T/_gbsbuild/obj/vm_scene.rel
                                          [ vm_scene ]
/var/folders/r2/zhtlvg9s0t9gfw0zq32yrzg00000gn/T/_gbsbuild/obj/vm_sgb.rel
                                          [ vm_sgb ]
/var/folders/r2/zhtlvg9s0t9gfw0zq32yrzg00000gn/T/_gbsbuild/obj/vm_sio.rel
                                          [ vm_sio ]
/var/folders/r2/zhtlvg9s0t9gfw0zq32yrzg00000gn/T/_gbsbuild/obj/vm_ui_a.rel
                                          [ vm_ui_a ]
/var/folders/r2/zhtlvg9s0t9gfw0zq32yrzg00000gn/T/_gbsbuild/obj/vm_ui.rel
                                          [ vm_ui ]
/var/folders/r2/zhtlvg9s0t9gfw0zq32yrzg00000gn/T/_gbsbuild/obj/vm.rel
                                          [ vm ]
/var/folders/r2/zhtlvg9s0t9gfw0zq32yrzg00000gn/T/_gbsbuild/obj/bg_compact_cassette_tilemap.rel
                                          [ bg_compact_cassette_tilemap ]
/var/folders/r2/zhtlvg9s0t9gfw0zq32yrzg00000gn/T/_gbsbuild/obj/bg_compact_cassette_tileset.rel
                                          [ bg_compact_cassette_tileset ]
/var/folders/r2/zhtlvg9s0t9gfw0zq32yrzg00000gn/T/_gbsbuild/obj/bg_compact_cassette.rel
                                          [ bg_compact_cassette ]
/var/folders/r2/zhtlvg9s0t9gfw0zq32yrzg00000gn/T/_gbsbuild/obj/bg_player_tileset.rel
                                          [ bg_player_tileset ]
/var/folders/r2/zhtlvg9s0t9gfw0zq32yrzg00000gn/T/_gbsbuild/obj/bg_player.rel
                                          [ bg_player ]
/var/folders/r2/zhtlvg9s0t9gfw0zq32yrzg00000gn/T/_gbsbuild/obj/bg_rustlab_tilemap.rel
                                          [ bg_rustlab_tilemap ]
/var/folders/r2/zhtlvg9s0t9gfw0zq32yrzg00000gn/T/_gbsbuild/obj/bg_rustlab_tileset.rel
                                          [ bg_rustlab_tileset ]
/var/folders/r2/zhtlvg9s0t9gfw0zq32yrzg00000gn/T/_gbsbuild/obj/bg_rustlab.rel
                                          [ bg_rustlab ]
/var/folders/r2/zhtlvg9s0t9gfw0zq32yrzg00000gn/T/_gbsbuild/obj/bg_screenshot_10_28_at_0_tilemap.rel
                                          [ bg_screenshot_10_28_at_0_tilemap ]
/var/folders/r2/zhtlvg9s0t9gfw0zq32yrzg00000gn/T/_gbsbuild/obj/bg_screenshot_10_28_at_0_tileset.rel
                                          [ bg_screenshot_10_28_at_0_tileset ]
/var/folders/r2/zhtlvg9s0t9gfw0zq32yrzg00000gn/T/_gbsbuild/obj/bg_screenshot_10_28_at_0.rel
                                          [ bg_screenshot_10_28_at_0 ]
/var/folders/r2/zhtlvg9s0t9gfw0zq32yrzg00000gn/T/_gbsbuild/obj/cursor_image.rel
                                          [ cursor_image ]
/var/folders/r2/zhtlvg9s0t9gfw0zq32yrzg00000gn/T/_gbsbuild/obj/font_gbs_mono.rel
                                          [ font_gbs_mono ]
/var/folders/r2/zhtlvg9s0t9gfw0zq32yrzg00000gn/T/_gbsbuild/obj/frame_image.rel
                                          [ frame_image ]
/var/folders/r2/zhtlvg9s0t9gfw0zq32yrzg00000gn/T/_gbsbuild/obj/game_signature.rel
                                          [ game_signature ]
/var/folders/r2/zhtlvg9s0t9gfw0zq32yrzg00000gn/T/_gbsbuild/obj/song_song_template_2_Data.rel
                                          [ song_song_template_2_Data ]
/var/folders/r2/zhtlvg9s0t9gfw0zq32yrzg00000gn/T/_gbsbuild/obj/palette_0.rel
                                          [ palette_0 ]
/var/folders/r2/zhtlvg9s0t9gfw0zq32yrzg00000gn/T/_gbsbuild/obj/palette_1.rel
                                          [ palette_1 ]
/var/folders/r2/zhtlvg9s0t9gfw0zq32yrzg00000gn/T/_gbsbuild/obj/scene_1_collisions.rel
                                          [ scene_1_collisions ]
/var/folders/r2/zhtlvg9s0t9gfw0zq32yrzg00000gn/T/_gbsbuild/obj/scene_1_init.rel
                                          [ scene_1_init ]
/var/folders/r2/zhtlvg9s0t9gfw0zq32yrzg00000gn/T/_gbsbuild/obj/scene_1.rel
                                          [ scene_1 ]
/var/folders/r2/zhtlvg9s0t9gfw0zq32yrzg00000gn/T/_gbsbuild/obj/scene_2_collisions.rel
                                          [ scene_2_collisions ]
/var/folders/r2/zhtlvg9s0t9gfw0zq32yrzg00000gn/T/_gbsbuild/obj/scene_2_init.rel
                                          [ scene_2_init ]
/var/folders/r2/zhtlvg9s0t9gfw0zq32yrzg00000gn/T/_gbsbuild/obj/scene_2.rel
                                          [ scene_2 ]
/var/folders/r2/zhtlvg9s0t9gfw0zq32yrzg00000gn/T/_gbsbuild/obj/scene_3_collisions.rel
                                          [ scene_3_collisions ]
/var/folders/r2/zhtlvg9s0t9gfw0zq32yrzg00000gn/T/_gbsbuild/obj/scene_3_init.rel
                                          [ scene_3_init ]
/var/folders/r2/zhtlvg9s0t9gfw0zq32yrzg00000gn/T/_gbsbuild/obj/scene_3.rel
                                          [ scene_3 ]
/var/folders/r2/zhtlvg9s0t9gfw0zq32yrzg00000gn/T/_gbsbuild/obj/scene_5_collisions.rel
                                          [ scene_5_collisions ]
/var/folders/r2/zhtlvg9s0t9gfw0zq32yrzg00000gn/T/_gbsbuild/obj/scene_5_init.rel
                                          [ scene_5_init ]
/var/folders/r2/zhtlvg9s0t9gfw0zq32yrzg00000gn/T/_gbsbuild/obj/scene_5.rel
                                          [ scene_5 ]
/var/folders/r2/zhtlvg9s0t9gfw0zq32yrzg00000gn/T/_gbsbuild/obj/script_engine_init.rel
                                          [  ]
/var/folders/r2/zhtlvg9s0t9gfw0zq32yrzg00000gn/T/_gbsbuild/obj/script_input_0.rel
                                          [ script_input_0 ]
/var/folders/r2/zhtlvg9s0t9gfw0zq32yrzg00000gn/T/_gbsbuild/obj/script_input_1.rel
                                          [ script_input_1 ]
/var/folders/r2/zhtlvg9s0t9gfw0zq32yrzg00000gn/T/_gbsbuild/obj/script_input_2.rel
                                          [ script_input_2 ]
/var/folders/r2/zhtlvg9s0t9gfw0zq32yrzg00000gn/T/_gbsbuild/obj/script_input_3.rel
                                          [ script_input_3 ]
/var/folders/r2/zhtlvg9s0t9gfw0zq32yrzg00000gn/T/_gbsbuild/obj/script_input_4.rel
                                          [ script_input_4 ]
/var/folders/r2/zhtlvg9s0t9gfw0zq32yrzg00000gn/T/_gbsbuild/obj/script_input_5.rel
                                          [ script_input_5 ]
/var/folders/r2/zhtlvg9s0t9gfw0zq32yrzg00000gn/T/_gbsbuild/obj/script_input_6.rel
                                          [ script_input_6 ]
/var/folders/r2/zhtlvg9s0t9gfw0zq32yrzg00000gn/T/_gbsbuild/obj/sprite_actor_animated_tileset.rel
                                          [ sprite_actor_animated_tileset ]
/var/folders/r2/zhtlvg9s0t9gfw0zq32yrzg00000gn/T/_gbsbuild/obj/sprite_actor_animated.rel
                                          [ sprite_actor_animated ]
/var/folders/r2/zhtlvg9s0t9gfw0zq32yrzg00000gn/T/_gbsbuild/obj/sprite_static_tileset.rel
                                          [ sprite_static_tileset ]
/var/folders/r2/zhtlvg9s0t9gfw0zq32yrzg00000gn/T/_gbsbuild/obj/sprite_static.rel
                                          [ sprite_static ]
/var/folders/r2/zhtlvg9s0t9gfw0zq32yrzg00000gn/T/_gbsbuild/obj/spritesheet_none.rel
                                          [ spritesheet_none ]
/var/folders/r2/zhtlvg9s0t9gfw0zq32yrzg00000gn/T/_gbsbuild/obj/main.rel
                                          [ main ]
/var/folders/r2/zhtlvg9s0t9gfw0zq32yrzg00000gn/T/_gbsbuild/obj/adventure.rel
                                          [ adventure ]
/var/folders/r2/zhtlvg9s0t9gfw0zq32yrzg00000gn/T/_gbsbuild/obj/logo.rel
                                          [ logo ]
/var/folders/r2/zhtlvg9s0t9gfw0zq32yrzg00000gn/T/_gbsbuild/obj/platform.rel
                                          [ platform ]
/var/folders/r2/zhtlvg9s0t9gfw0zq32yrzg00000gn/T/_gbsbuild/obj/pointnclick.rel
                                          [ pointnclick ]
/var/folders/r2/zhtlvg9s0t9gfw0zq32yrzg00000gn/T/_gbsbuild/obj/shmup.rel
                                          [ shmup ]
/var/folders/r2/zhtlvg9s0t9gfw0zq32yrzg00000gn/T/_gbsbuild/obj/states_ptrs.rel
                                          [  ]
/var/folders/r2/zhtlvg9s0t9gfw0zq32yrzg00000gn/T/_gbsbuild/obj/topdown.rel
                                          [ topdown ]


Libraries Linked                          [ object file ]

/var/folders/r2/zhtlvg9s0t9gfw0zq32yrzg00000gn/T/_gbstools/gbdk/lib/small/asxxxx/gb/gb.lib
                                          [ fill_rect_wi.o ]
/var/folders/r2/zhtlvg9s0t9gfw0zq32yrzg00000gn/T/_gbstools/gbdk/lib/small/asxxxx/gbz80/gbz80.lib
                                          [ rand.o ]
lib/hUGEDriver.lib                        [ hUGEDriver.obj.o ]
/var/folders/r2/zhtlvg9s0t9gfw0zq32yrzg00000gn/T/_gbstools/gbdk/lib/small/asxxxx/gb/gb.lib
                                          [ sfr.o ]
/var/folders/r2/zhtlvg9s0t9gfw0zq32yrzg00000gn/T/_gbstools/gbdk/lib/small/asxxxx/gb/gb.lib
                                          [ get_data.o ]
/var/folders/r2/zhtlvg9s0t9gfw0zq32yrzg00000gn/T/_gbstools/gbdk/lib/small/asxxxx/gb/gb.lib
                                          [ get_tile.o ]
/var/folders/r2/zhtlvg9s0t9gfw0zq32yrzg00000gn/T/_gbstools/gbdk/lib/small/asxxxx/gb/gb.lib
                                          [ metasprites_hide_spr.o ]
/var/folders/r2/zhtlvg9s0t9gfw0zq32yrzg00000gn/T/_gbstools/gbdk/lib/small/asxxxx/gbz80/gbz80.lib
                                          [ mul.o ]
/var/folders/r2/zhtlvg9s0t9gfw0zq32yrzg00000gn/T/_gbstools/gbdk/lib/small/asxxxx/gbz80/gbz80.lib
                                          [ abs.o ]
/var/folders/r2/zhtlvg9s0t9gfw0zq32yrzg00000gn/T/_gbstools/gbdk/lib/small/asxxxx/gb/gb.lib
                                          [ set_wi_t.o ]
/var/folders/r2/zhtlvg9s0t9gfw0zq32yrzg00000gn/T/_gbstools/gbdk/lib/small/asxxxx/gb/gb.lib
                                          [ set_data.o ]
/var/folders/r2/zhtlvg9s0t9gfw0zq32yrzg00000gn/T/_gbstools/gbdk/lib/small/asxxxx/gbz80/gbz80.lib
                                          [ reverse.o ]
/var/folders/r2/zhtlvg9s0t9gfw0zq32yrzg00000gn/T/_gbstools/gbdk/lib/small/asxxxx/gb/gb.lib
                                          [ far_ptr.o ]
/var/folders/r2/zhtlvg9s0t9gfw0zq32yrzg00000gn/T/_gbstools/gbdk/lib/small/asxxxx/gb/gb.lib
                                          [ sgb.o ]
/var/folders/r2/zhtlvg9s0t9gfw0zq32yrzg00000gn/T/_gbstools/gbdk/lib/small/asxxxx/gb/gb.lib
                                          [ lcd.o ]
/var/folders/r2/zhtlvg9s0t9gfw0zq32yrzg00000gn/T/_gbstools/gbdk/lib/small/asxxxx/gb/gb.lib
                                          [ fill_rect.o ]
/var/folders/r2/zhtlvg9s0t9gfw0zq32yrzg00000gn/T/_gbstools/gbdk/lib/small/asxxxx/gb/gb.lib
                                          [ cpy_data.o ]
/var/folders/r2/zhtlvg9s0t9gfw0zq32yrzg00000gn/T/_gbstools/gbdk/lib/small/asxxxx/gb/gb.lib
                                          [ fill_rect_bk.o ]
/var/folders/r2/zhtlvg9s0t9gfw0zq32yrzg00000gn/T/_gbstools/gbdk/lib/small/asxxxx/gb/gb.lib
                                          [ pad.o ]
/var/folders/r2/zhtlvg9s0t9gfw0zq32yrzg00000gn/T/_gbstools/gbdk/lib/small/asxxxx/gb/gb.lib
                                          [ metasprites.o ]
/var/folders/r2/zhtlvg9s0t9gfw0zq32yrzg00000gn/T/_gbstools/gbdk/lib/small/asxxxx/gbz80/gbz80.lib
                                          [ __sdcc_call_hl.o ]
/var/folders/r2/zhtlvg9s0t9gfw0zq32yrzg00000gn/T/_gbstools/gbdk/lib/small/asxxxx/gbz80/gbz80.lib
                                          [ _memcpy.o ]
/var/folders/r2/zhtlvg9s0t9gfw0zq32yrzg00000gn/T/_gbstools/gbdk/lib/small/asxxxx/gbz80/gbz80.lib
                                          [ _memset.o ]
/var/folders/r2/zhtlvg9s0t9gfw0zq32yrzg00000gn/T/_gbstools/gbdk/lib/small/asxxxx/gb/gb.lib
                                          [ set_xy_t.o ]
/var/folders/r2/zhtlvg9s0t9gfw0zq32yrzg00000gn/T/_gbstools/gbdk/lib/small/asxxxx/gbz80/gbz80.lib
                                          [ div.o ]
/var/folders/r2/zhtlvg9s0t9gfw0zq32yrzg00000gn/T/_gbstools/gbdk/lib/small/asxxxx/gb/gb.lib
                                          [ set_bk_t.o ]

ASxxxx Linker V03.00 + NoICE + sdld,  page 60.

User Base Address Definitions

_DATA=0xC0A0
_CODE=0x0200
ASxxxx Linker V03.00 + NoICE + sdld,  page 61.

User Global Definitions

.STACK=0xDF00
_shadow_OAM=0xC000
.refresh_OAM=0xFF80
__start_save=4

